// Jest Snapshot v1, https://goo.gl/fbAQLP

exports[`Renders InfoText without crashing 1`] = `
<div
  className="infoText inline"
>
  test
</div>
`;
