exports[`test Fills selected stars 1`] = `
<Stars
  colors={
    Array [
      "red",
      "purple",
      "green",
      "orange",
      "black",
    ]
  }
  selectable={true}
  strokeColor="currentColor"
  totalStars={5}
  value={3}>
  <div
    className="starsContainer false">
    <div
      className="starsRow">
      <div
        className={false}>
        <input
          className="hiddenInput"
          id="star0"
          onChange={[Function]}
          type="radio"
          value={0} />
      </div>
      <div
        className="starsGroup">
        <input
          className="hiddenInput"
          id="star1"
          onChange={[Function]}
          type="radio"
          value={1} />
        <label
          htmlFor="star1">
          <svg
            className="star ratingStar"
            preserveAspectRatio="none"
            stroke="currentColor"
            viewBox="-20 -20 541.8 518.6"
            width="100%"
            x="0"
            xmlSpace="preserve"
            xmlns="http://www.w3.org/2000/svg"
            xmlnsXlink="http://www.w3.org/1999/xlink"
            y="0">
            <path
              className="path fill"
              d="M501.8,185.5c0,4.4-2.6,9.3-7.8,14.5L384.5,306.7l25.9,150.8c0.2,1.4,0.3,3.4,0.3,6c0,4.2-1.1,7.8-3.2,10.7 c-2.1,2.9-5.2,4.4-9.2,4.4c-3.8,0-7.8-1.2-12.1-3.6l-135.4-71.2L115.5,475c-4.4,2.4-8.4,3.6-12.1,3.6c-4.2,0-7.4-1.5-9.5-4.4 c-2.1-2.9-3.2-6.5-3.2-10.7c0-1.2,0.2-3.2,0.6-6l25.9-150.8L7.5,200c-5-5.4-7.5-10.3-7.5-14.5c0-7.4,5.6-12.1,16.9-13.9l151.4-22 l67.9-137.2C240,4.1,244.9,0,250.9,0c6,0,11,4.1,14.8,12.4l67.9,137.2l151.4,22C496.2,173.4,501.8,178,501.8,185.5z"
              fill="green"
              stroke="green" />
          </svg>
          <span
            className="sr-only" />
        </label>
      </div>
      <div
        className="starsGroup">
        <input
          className="hiddenInput"
          id="star2"
          onChange={[Function]}
          type="radio"
          value={2} />
        <label
          htmlFor="star2">
          <svg
            className="star ratingStar"
            preserveAspectRatio="none"
            stroke="currentColor"
            viewBox="-20 -20 541.8 518.6"
            width="100%"
            x="0"
            xmlSpace="preserve"
            xmlns="http://www.w3.org/2000/svg"
            xmlnsXlink="http://www.w3.org/1999/xlink"
            y="0">
            <path
              className="path fill"
              d="M501.8,185.5c0,4.4-2.6,9.3-7.8,14.5L384.5,306.7l25.9,150.8c0.2,1.4,0.3,3.4,0.3,6c0,4.2-1.1,7.8-3.2,10.7 c-2.1,2.9-5.2,4.4-9.2,4.4c-3.8,0-7.8-1.2-12.1-3.6l-135.4-71.2L115.5,475c-4.4,2.4-8.4,3.6-12.1,3.6c-4.2,0-7.4-1.5-9.5-4.4 c-2.1-2.9-3.2-6.5-3.2-10.7c0-1.2,0.2-3.2,0.6-6l25.9-150.8L7.5,200c-5-5.4-7.5-10.3-7.5-14.5c0-7.4,5.6-12.1,16.9-13.9l151.4-22 l67.9-137.2C240,4.1,244.9,0,250.9,0c6,0,11,4.1,14.8,12.4l67.9,137.2l151.4,22C496.2,173.4,501.8,178,501.8,185.5z"
              fill="green"
              stroke="green" />
          </svg>
          <span
            className="sr-only">
            1
          </span>
        </label>
      </div>
      <div
        className="starsGroup">
        <input
          className="hiddenInput"
          id="star3"
          onChange={[Function]}
          type="radio"
          value={3} />
        <label
          htmlFor="star3">
          <svg
            className="star ratingStar"
            preserveAspectRatio="none"
            stroke="currentColor"
            viewBox="-20 -20 541.8 518.6"
            width="100%"
            x="0"
            xmlSpace="preserve"
            xmlns="http://www.w3.org/2000/svg"
            xmlnsXlink="http://www.w3.org/1999/xlink"
            y="0">
            <path
              className="path fill"
              d="M501.8,185.5c0,4.4-2.6,9.3-7.8,14.5L384.5,306.7l25.9,150.8c0.2,1.4,0.3,3.4,0.3,6c0,4.2-1.1,7.8-3.2,10.7 c-2.1,2.9-5.2,4.4-9.2,4.4c-3.8,0-7.8-1.2-12.1-3.6l-135.4-71.2L115.5,475c-4.4,2.4-8.4,3.6-12.1,3.6c-4.2,0-7.4-1.5-9.5-4.4 c-2.1-2.9-3.2-6.5-3.2-10.7c0-1.2,0.2-3.2,0.6-6l25.9-150.8L7.5,200c-5-5.4-7.5-10.3-7.5-14.5c0-7.4,5.6-12.1,16.9-13.9l151.4-22 l67.9-137.2C240,4.1,244.9,0,250.9,0c6,0,11,4.1,14.8,12.4l67.9,137.2l151.4,22C496.2,173.4,501.8,178,501.8,185.5z"
              fill="green"
              stroke="green" />
          </svg>
          <span
            className="sr-only">
            2
          </span>
        </label>
      </div>
      <div
        className="starsGroup">
        <input
          className="hiddenInput"
          id="star4"
          onChange={[Function]}
          type="radio"
          value={4} />
        <label
          htmlFor="star4">
          <svg
            className="star ratingStar"
            preserveAspectRatio="none"
            stroke="currentColor"
            viewBox="-20 -20 541.8 518.6"
            width="100%"
            x="0"
            xmlSpace="preserve"
            xmlns="http://www.w3.org/2000/svg"
            xmlnsXlink="http://www.w3.org/1999/xlink"
            y="0">
            <path
              className="path false"
              d="M501.8,185.5c0,4.4-2.6,9.3-7.8,14.5L384.5,306.7l25.9,150.8c0.2,1.4,0.3,3.4,0.3,6c0,4.2-1.1,7.8-3.2,10.7 c-2.1,2.9-5.2,4.4-9.2,4.4c-3.8,0-7.8-1.2-12.1-3.6l-135.4-71.2L115.5,475c-4.4,2.4-8.4,3.6-12.1,3.6c-4.2,0-7.4-1.5-9.5-4.4 c-2.1-2.9-3.2-6.5-3.2-10.7c0-1.2,0.2-3.2,0.6-6l25.9-150.8L7.5,200c-5-5.4-7.5-10.3-7.5-14.5c0-7.4,5.6-12.1,16.9-13.9l151.4-22 l67.9-137.2C240,4.1,244.9,0,250.9,0c6,0,11,4.1,14.8,12.4l67.9,137.2l151.4,22C496.2,173.4,501.8,178,501.8,185.5z"
              fill="transparent"
              stroke="currentColor" />
          </svg>
          <span
            className="sr-only">
            3
          </span>
        </label>
      </div>
      <div
        className="starsGroup">
        <input
          className="hiddenInput"
          id="star5"
          onChange={[Function]}
          type="radio"
          value={5} />
        <label
          htmlFor="star5">
          <svg
            className="star ratingStar"
            preserveAspectRatio="none"
            stroke="currentColor"
            viewBox="-20 -20 541.8 518.6"
            width="100%"
            x="0"
            xmlSpace="preserve"
            xmlns="http://www.w3.org/2000/svg"
            xmlnsXlink="http://www.w3.org/1999/xlink"
            y="0">
            <path
              className="path false"
              d="M501.8,185.5c0,4.4-2.6,9.3-7.8,14.5L384.5,306.7l25.9,150.8c0.2,1.4,0.3,3.4,0.3,6c0,4.2-1.1,7.8-3.2,10.7 c-2.1,2.9-5.2,4.4-9.2,4.4c-3.8,0-7.8-1.2-12.1-3.6l-135.4-71.2L115.5,475c-4.4,2.4-8.4,3.6-12.1,3.6c-4.2,0-7.4-1.5-9.5-4.4 c-2.1-2.9-3.2-6.5-3.2-10.7c0-1.2,0.2-3.2,0.6-6l25.9-150.8L7.5,200c-5-5.4-7.5-10.3-7.5-14.5c0-7.4,5.6-12.1,16.9-13.9l151.4-22 l67.9-137.2C240,4.1,244.9,0,250.9,0c6,0,11,4.1,14.8,12.4l67.9,137.2l151.4,22C496.2,173.4,501.8,178,501.8,185.5z"
              fill="transparent"
              stroke="currentColor" />
          </svg>
          <span
            className="sr-only">
            4
          </span>
        </label>
      </div>
    </div>
  </div>
</Stars>
`;

exports[`test Renders correctly rounded star values 1`] = `
<div
  className="starsContainer staticStars">
  <div
    className="starsRow">
    <div
      className={false} />
    <div
      className="starsGroup">
      <label
        htmlFor={false}>
        <svg
          className="star false"
          preserveAspectRatio="none"
          stroke="currentColor"
          viewBox="-20 -20 541.8 518.6"
          width="100%"
          x="0"
          xmlSpace="preserve"
          xmlns="http://www.w3.org/2000/svg"
          xmlnsXlink="http://www.w3.org/1999/xlink"
          y="0">
          <defs>
            <linearGradient
              id="half">
              <stop
                offset="0%"
                stopColor="currentColor" />
              <stop
                offset="50%"
                stopColor="currentColor" />
              <stop
                offset="50%"
                stopColor="white" />
              <stop
                offset="100%"
                stopColor="white" />
            </linearGradient>
          </defs>
          <path
            className="path fill"
            d="M501.8,185.5c0,4.4-2.6,9.3-7.8,14.5L384.5,306.7l25.9,150.8c0.2,1.4,0.3,3.4,0.3,6c0,4.2-1.1,7.8-3.2,10.7 c-2.1,2.9-5.2,4.4-9.2,4.4c-3.8,0-7.8-1.2-12.1-3.6l-135.4-71.2L115.5,475c-4.4,2.4-8.4,3.6-12.1,3.6c-4.2,0-7.4-1.5-9.5-4.4 c-2.1-2.9-3.2-6.5-3.2-10.7c0-1.2,0.2-3.2,0.6-6l25.9-150.8L7.5,200c-5-5.4-7.5-10.3-7.5-14.5c0-7.4,5.6-12.1,16.9-13.9l151.4-22 l67.9-137.2C240,4.1,244.9,0,250.9,0c6,0,11,4.1,14.8,12.4l67.9,137.2l151.4,22C496.2,173.4,501.8,178,501.8,185.5z"
            fill="currentColor"
            stroke="currentColor" />
        </svg>
        <span
          className="sr-only">
          0
        </span>
      </label>
    </div>
    <div
      className="starsGroup">
      <label
        htmlFor={false}>
        <svg
          className="star false"
          preserveAspectRatio="none"
          stroke="currentColor"
          viewBox="-20 -20 541.8 518.6"
          width="100%"
          x="0"
          xmlSpace="preserve"
          xmlns="http://www.w3.org/2000/svg"
          xmlnsXlink="http://www.w3.org/1999/xlink"
          y="0">
          <defs>
            <linearGradient
              id="half">
              <stop
                offset="0%"
                stopColor="currentColor" />
              <stop
                offset="50%"
                stopColor="currentColor" />
              <stop
                offset="50%"
                stopColor="white" />
              <stop
                offset="100%"
                stopColor="white" />
            </linearGradient>
          </defs>
          <path
            className="path fill"
            d="M501.8,185.5c0,4.4-2.6,9.3-7.8,14.5L384.5,306.7l25.9,150.8c0.2,1.4,0.3,3.4,0.3,6c0,4.2-1.1,7.8-3.2,10.7 c-2.1,2.9-5.2,4.4-9.2,4.4c-3.8,0-7.8-1.2-12.1-3.6l-135.4-71.2L115.5,475c-4.4,2.4-8.4,3.6-12.1,3.6c-4.2,0-7.4-1.5-9.5-4.4 c-2.1-2.9-3.2-6.5-3.2-10.7c0-1.2,0.2-3.2,0.6-6l25.9-150.8L7.5,200c-5-5.4-7.5-10.3-7.5-14.5c0-7.4,5.6-12.1,16.9-13.9l151.4-22 l67.9-137.2C240,4.1,244.9,0,250.9,0c6,0,11,4.1,14.8,12.4l67.9,137.2l151.4,22C496.2,173.4,501.8,178,501.8,185.5z"
            fill="currentColor"
            stroke="currentColor" />
        </svg>
        <span
          className="sr-only">
          1
        </span>
      </label>
    </div>
    <div
      className="starsGroup">
      <label
        htmlFor={false}>
        <svg
          className="star false"
          preserveAspectRatio="none"
          stroke="currentColor"
          viewBox="-20 -20 541.8 518.6"
          width="100%"
          x="0"
          xmlSpace="preserve"
          xmlns="http://www.w3.org/2000/svg"
          xmlnsXlink="http://www.w3.org/1999/xlink"
          y="0">
          <defs>
            <linearGradient
              id="half">
              <stop
                offset="0%"
                stopColor="currentColor" />
              <stop
                offset="50%"
                stopColor="currentColor" />
              <stop
                offset="50%"
                stopColor="white" />
              <stop
                offset="100%"
                stopColor="white" />
            </linearGradient>
          </defs>
          <path
            className="path fill"
            d="M501.8,185.5c0,4.4-2.6,9.3-7.8,14.5L384.5,306.7l25.9,150.8c0.2,1.4,0.3,3.4,0.3,6c0,4.2-1.1,7.8-3.2,10.7 c-2.1,2.9-5.2,4.4-9.2,4.4c-3.8,0-7.8-1.2-12.1-3.6l-135.4-71.2L115.5,475c-4.4,2.4-8.4,3.6-12.1,3.6c-4.2,0-7.4-1.5-9.5-4.4 c-2.1-2.9-3.2-6.5-3.2-10.7c0-1.2,0.2-3.2,0.6-6l25.9-150.8L7.5,200c-5-5.4-7.5-10.3-7.5-14.5c0-7.4,5.6-12.1,16.9-13.9l151.4-22 l67.9-137.2C240,4.1,244.9,0,250.9,0c6,0,11,4.1,14.8,12.4l67.9,137.2l151.4,22C496.2,173.4,501.8,178,501.8,185.5z"
            fill="currentColor"
            stroke="currentColor" />
        </svg>
        <span
          className="sr-only">
          2
        </span>
      </label>
    </div>
    <div
      className="starsGroup">
      <label
        htmlFor={false}>
        <svg
          className="star false"
          preserveAspectRatio="none"
          stroke="currentColor"
          viewBox="-20 -20 541.8 518.6"
          width="100%"
          x="0"
          xmlSpace="preserve"
          xmlns="http://www.w3.org/2000/svg"
          xmlnsXlink="http://www.w3.org/1999/xlink"
          y="0">
          <defs>
            <linearGradient
              id="half">
              <stop
                offset="0%"
                stopColor="currentColor" />
              <stop
                offset="50%"
                stopColor="currentColor" />
              <stop
                offset="50%"
                stopColor="white" />
              <stop
                offset="100%"
                stopColor="white" />
            </linearGradient>
          </defs>
          <path
            className="path false"
            d="M501.8,185.5c0,4.4-2.6,9.3-7.8,14.5L384.5,306.7l25.9,150.8c0.2,1.4,0.3,3.4,0.3,6c0,4.2-1.1,7.8-3.2,10.7 c-2.1,2.9-5.2,4.4-9.2,4.4c-3.8,0-7.8-1.2-12.1-3.6l-135.4-71.2L115.5,475c-4.4,2.4-8.4,3.6-12.1,3.6c-4.2,0-7.4-1.5-9.5-4.4 c-2.1-2.9-3.2-6.5-3.2-10.7c0-1.2,0.2-3.2,0.6-6l25.9-150.8L7.5,200c-5-5.4-7.5-10.3-7.5-14.5c0-7.4,5.6-12.1,16.9-13.9l151.4-22 l67.9-137.2C240,4.1,244.9,0,250.9,0c6,0,11,4.1,14.8,12.4l67.9,137.2l151.4,22C496.2,173.4,501.8,178,501.8,185.5z"
            fill="transparent"
            stroke="currentColor" />
        </svg>
        <span
          className="sr-only">
          3
        </span>
      </label>
    </div>
    <div
      className="starsGroup">
      <label
        htmlFor={false}>
        <svg
          className="star false"
          preserveAspectRatio="none"
          stroke="currentColor"
          viewBox="-20 -20 541.8 518.6"
          width="100%"
          x="0"
          xmlSpace="preserve"
          xmlns="http://www.w3.org/2000/svg"
          xmlnsXlink="http://www.w3.org/1999/xlink"
          y="0">
          <defs>
            <linearGradient
              id="half">
              <stop
                offset="0%"
                stopColor="currentColor" />
              <stop
                offset="50%"
                stopColor="currentColor" />
              <stop
                offset="50%"
                stopColor="white" />
              <stop
                offset="100%"
                stopColor="white" />
            </linearGradient>
          </defs>
          <path
            className="path false"
            d="M501.8,185.5c0,4.4-2.6,9.3-7.8,14.5L384.5,306.7l25.9,150.8c0.2,1.4,0.3,3.4,0.3,6c0,4.2-1.1,7.8-3.2,10.7 c-2.1,2.9-5.2,4.4-9.2,4.4c-3.8,0-7.8-1.2-12.1-3.6l-135.4-71.2L115.5,475c-4.4,2.4-8.4,3.6-12.1,3.6c-4.2,0-7.4-1.5-9.5-4.4 c-2.1-2.9-3.2-6.5-3.2-10.7c0-1.2,0.2-3.2,0.6-6l25.9-150.8L7.5,200c-5-5.4-7.5-10.3-7.5-14.5c0-7.4,5.6-12.1,16.9-13.9l151.4-22 l67.9-137.2C240,4.1,244.9,0,250.9,0c6,0,11,4.1,14.8,12.4l67.9,137.2l151.4,22C496.2,173.4,501.8,178,501.8,185.5z"
            fill="transparent"
            stroke="currentColor" />
        </svg>
        <span
          className="sr-only">
          4
        </span>
      </label>
    </div>
  </div>
</div>
`;

exports[`test Renders empty stars with no value 1`] = `
<div
  className="starsContainer staticStars">
  <div
    className="starsRow">
    <div
      className={false} />
    <div
      className="starsGroup">
      <label
        htmlFor={false}>
        <svg
          className="star false"
          preserveAspectRatio="none"
          stroke="currentColor"
          viewBox="-20 -20 541.8 518.6"
          width="100%"
          x="0"
          xmlSpace="preserve"
          xmlns="http://www.w3.org/2000/svg"
          xmlnsXlink="http://www.w3.org/1999/xlink"
          y="0">
          <defs>
            <linearGradient
              id="half">
              <stop
                offset="0%"
                stopColor="currentColor" />
              <stop
                offset="50%"
                stopColor="currentColor" />
              <stop
                offset="50%"
                stopColor="white" />
              <stop
                offset="100%"
                stopColor="white" />
            </linearGradient>
          </defs>
          <path
            className="path false"
            d="M501.8,185.5c0,4.4-2.6,9.3-7.8,14.5L384.5,306.7l25.9,150.8c0.2,1.4,0.3,3.4,0.3,6c0,4.2-1.1,7.8-3.2,10.7 c-2.1,2.9-5.2,4.4-9.2,4.4c-3.8,0-7.8-1.2-12.1-3.6l-135.4-71.2L115.5,475c-4.4,2.4-8.4,3.6-12.1,3.6c-4.2,0-7.4-1.5-9.5-4.4 c-2.1-2.9-3.2-6.5-3.2-10.7c0-1.2,0.2-3.2,0.6-6l25.9-150.8L7.5,200c-5-5.4-7.5-10.3-7.5-14.5c0-7.4,5.6-12.1,16.9-13.9l151.4-22 l67.9-137.2C240,4.1,244.9,0,250.9,0c6,0,11,4.1,14.8,12.4l67.9,137.2l151.4,22C496.2,173.4,501.8,178,501.8,185.5z"
            fill="transparent"
            stroke="currentColor" />
        </svg>
        <span
          className="sr-only">
          0
        </span>
      </label>
    </div>
    <div
      className="starsGroup">
      <label
        htmlFor={false}>
        <svg
          className="star false"
          preserveAspectRatio="none"
          stroke="currentColor"
          viewBox="-20 -20 541.8 518.6"
          width="100%"
          x="0"
          xmlSpace="preserve"
          xmlns="http://www.w3.org/2000/svg"
          xmlnsXlink="http://www.w3.org/1999/xlink"
          y="0">
          <defs>
            <linearGradient
              id="half">
              <stop
                offset="0%"
                stopColor="currentColor" />
              <stop
                offset="50%"
                stopColor="currentColor" />
              <stop
                offset="50%"
                stopColor="white" />
              <stop
                offset="100%"
                stopColor="white" />
            </linearGradient>
          </defs>
          <path
            className="path false"
            d="M501.8,185.5c0,4.4-2.6,9.3-7.8,14.5L384.5,306.7l25.9,150.8c0.2,1.4,0.3,3.4,0.3,6c0,4.2-1.1,7.8-3.2,10.7 c-2.1,2.9-5.2,4.4-9.2,4.4c-3.8,0-7.8-1.2-12.1-3.6l-135.4-71.2L115.5,475c-4.4,2.4-8.4,3.6-12.1,3.6c-4.2,0-7.4-1.5-9.5-4.4 c-2.1-2.9-3.2-6.5-3.2-10.7c0-1.2,0.2-3.2,0.6-6l25.9-150.8L7.5,200c-5-5.4-7.5-10.3-7.5-14.5c0-7.4,5.6-12.1,16.9-13.9l151.4-22 l67.9-137.2C240,4.1,244.9,0,250.9,0c6,0,11,4.1,14.8,12.4l67.9,137.2l151.4,22C496.2,173.4,501.8,178,501.8,185.5z"
            fill="transparent"
            stroke="currentColor" />
        </svg>
        <span
          className="sr-only">
          1
        </span>
      </label>
    </div>
    <div
      className="starsGroup">
      <label
        htmlFor={false}>
        <svg
          className="star false"
          preserveAspectRatio="none"
          stroke="currentColor"
          viewBox="-20 -20 541.8 518.6"
          width="100%"
          x="0"
          xmlSpace="preserve"
          xmlns="http://www.w3.org/2000/svg"
          xmlnsXlink="http://www.w3.org/1999/xlink"
          y="0">
          <defs>
            <linearGradient
              id="half">
              <stop
                offset="0%"
                stopColor="currentColor" />
              <stop
                offset="50%"
                stopColor="currentColor" />
              <stop
                offset="50%"
                stopColor="white" />
              <stop
                offset="100%"
                stopColor="white" />
            </linearGradient>
          </defs>
          <path
            className="path false"
            d="M501.8,185.5c0,4.4-2.6,9.3-7.8,14.5L384.5,306.7l25.9,150.8c0.2,1.4,0.3,3.4,0.3,6c0,4.2-1.1,7.8-3.2,10.7 c-2.1,2.9-5.2,4.4-9.2,4.4c-3.8,0-7.8-1.2-12.1-3.6l-135.4-71.2L115.5,475c-4.4,2.4-8.4,3.6-12.1,3.6c-4.2,0-7.4-1.5-9.5-4.4 c-2.1-2.9-3.2-6.5-3.2-10.7c0-1.2,0.2-3.2,0.6-6l25.9-150.8L7.5,200c-5-5.4-7.5-10.3-7.5-14.5c0-7.4,5.6-12.1,16.9-13.9l151.4-22 l67.9-137.2C240,4.1,244.9,0,250.9,0c6,0,11,4.1,14.8,12.4l67.9,137.2l151.4,22C496.2,173.4,501.8,178,501.8,185.5z"
            fill="transparent"
            stroke="currentColor" />
        </svg>
        <span
          className="sr-only">
          2
        </span>
      </label>
    </div>
    <div
      className="starsGroup">
      <label
        htmlFor={false}>
        <svg
          className="star false"
          preserveAspectRatio="none"
          stroke="currentColor"
          viewBox="-20 -20 541.8 518.6"
          width="100%"
          x="0"
          xmlSpace="preserve"
          xmlns="http://www.w3.org/2000/svg"
          xmlnsXlink="http://www.w3.org/1999/xlink"
          y="0">
          <defs>
            <linearGradient
              id="half">
              <stop
                offset="0%"
                stopColor="currentColor" />
              <stop
                offset="50%"
                stopColor="currentColor" />
              <stop
                offset="50%"
                stopColor="white" />
              <stop
                offset="100%"
                stopColor="white" />
            </linearGradient>
          </defs>
          <path
            className="path false"
            d="M501.8,185.5c0,4.4-2.6,9.3-7.8,14.5L384.5,306.7l25.9,150.8c0.2,1.4,0.3,3.4,0.3,6c0,4.2-1.1,7.8-3.2,10.7 c-2.1,2.9-5.2,4.4-9.2,4.4c-3.8,0-7.8-1.2-12.1-3.6l-135.4-71.2L115.5,475c-4.4,2.4-8.4,3.6-12.1,3.6c-4.2,0-7.4-1.5-9.5-4.4 c-2.1-2.9-3.2-6.5-3.2-10.7c0-1.2,0.2-3.2,0.6-6l25.9-150.8L7.5,200c-5-5.4-7.5-10.3-7.5-14.5c0-7.4,5.6-12.1,16.9-13.9l151.4-22 l67.9-137.2C240,4.1,244.9,0,250.9,0c6,0,11,4.1,14.8,12.4l67.9,137.2l151.4,22C496.2,173.4,501.8,178,501.8,185.5z"
            fill="transparent"
            stroke="currentColor" />
        </svg>
        <span
          className="sr-only">
          3
        </span>
      </label>
    </div>
    <div
      className="starsGroup">
      <label
        htmlFor={false}>
        <svg
          className="star false"
          preserveAspectRatio="none"
          stroke="currentColor"
          viewBox="-20 -20 541.8 518.6"
          width="100%"
          x="0"
          xmlSpace="preserve"
          xmlns="http://www.w3.org/2000/svg"
          xmlnsXlink="http://www.w3.org/1999/xlink"
          y="0">
          <defs>
            <linearGradient
              id="half">
              <stop
                offset="0%"
                stopColor="currentColor" />
              <stop
                offset="50%"
                stopColor="currentColor" />
              <stop
                offset="50%"
                stopColor="white" />
              <stop
                offset="100%"
                stopColor="white" />
            </linearGradient>
          </defs>
          <path
            className="path false"
            d="M501.8,185.5c0,4.4-2.6,9.3-7.8,14.5L384.5,306.7l25.9,150.8c0.2,1.4,0.3,3.4,0.3,6c0,4.2-1.1,7.8-3.2,10.7 c-2.1,2.9-5.2,4.4-9.2,4.4c-3.8,0-7.8-1.2-12.1-3.6l-135.4-71.2L115.5,475c-4.4,2.4-8.4,3.6-12.1,3.6c-4.2,0-7.4-1.5-9.5-4.4 c-2.1-2.9-3.2-6.5-3.2-10.7c0-1.2,0.2-3.2,0.6-6l25.9-150.8L7.5,200c-5-5.4-7.5-10.3-7.5-14.5c0-7.4,5.6-12.1,16.9-13.9l151.4-22 l67.9-137.2C240,4.1,244.9,0,250.9,0c6,0,11,4.1,14.8,12.4l67.9,137.2l151.4,22C496.2,173.4,501.8,178,501.8,185.5z"
            fill="transparent"
            stroke="currentColor" />
        </svg>
        <span
          className="sr-only">
          4
        </span>
      </label>
    </div>
  </div>
</div>
`;

exports[`test Renders selectable Stars without crashing 1`] = `
<div
  className="starsContainer false">
  <div
    className="starsRow">
    <div
      className={false}>
      <input
        className="hiddenInput"
        id="star0"
        name={undefined}
        onChange={[Function]}
        type="radio"
        value={0} />
    </div>
    <div
      className="starsGroup">
      <input
        className="hiddenInput"
        id="star1"
        name={undefined}
        onChange={[Function]}
        type="radio"
        value={1} />
      <label
        htmlFor="star1">
        <svg
          className="star ratingStar"
          preserveAspectRatio="none"
          stroke="currentColor"
          viewBox="-20 -20 541.8 518.6"
          width="100%"
          x="0"
          xmlSpace="preserve"
          xmlns="http://www.w3.org/2000/svg"
          xmlnsXlink="http://www.w3.org/1999/xlink"
          y="0">
          <path
            className="path fill"
            d="M501.8,185.5c0,4.4-2.6,9.3-7.8,14.5L384.5,306.7l25.9,150.8c0.2,1.4,0.3,3.4,0.3,6c0,4.2-1.1,7.8-3.2,10.7 c-2.1,2.9-5.2,4.4-9.2,4.4c-3.8,0-7.8-1.2-12.1-3.6l-135.4-71.2L115.5,475c-4.4,2.4-8.4,3.6-12.1,3.6c-4.2,0-7.4-1.5-9.5-4.4 c-2.1-2.9-3.2-6.5-3.2-10.7c0-1.2,0.2-3.2,0.6-6l25.9-150.8L7.5,200c-5-5.4-7.5-10.3-7.5-14.5c0-7.4,5.6-12.1,16.9-13.9l151.4-22 l67.9-137.2C240,4.1,244.9,0,250.9,0c6,0,11,4.1,14.8,12.4l67.9,137.2l151.4,22C496.2,173.4,501.8,178,501.8,185.5z"
            fill="currentColor"
            stroke="currentColor" />
        </svg>
        <span
          className="sr-only">
          0
        </span>
      </label>
    </div>
    <div
      className="starsGroup">
      <input
        className="hiddenInput"
        id="star2"
        name={undefined}
        onChange={[Function]}
        type="radio"
        value={2} />
      <label
        htmlFor="star2">
        <svg
          className="star ratingStar"
          preserveAspectRatio="none"
          stroke="currentColor"
          viewBox="-20 -20 541.8 518.6"
          width="100%"
          x="0"
          xmlSpace="preserve"
          xmlns="http://www.w3.org/2000/svg"
          xmlnsXlink="http://www.w3.org/1999/xlink"
          y="0">
          <path
            className="path fill"
            d="M501.8,185.5c0,4.4-2.6,9.3-7.8,14.5L384.5,306.7l25.9,150.8c0.2,1.4,0.3,3.4,0.3,6c0,4.2-1.1,7.8-3.2,10.7 c-2.1,2.9-5.2,4.4-9.2,4.4c-3.8,0-7.8-1.2-12.1-3.6l-135.4-71.2L115.5,475c-4.4,2.4-8.4,3.6-12.1,3.6c-4.2,0-7.4-1.5-9.5-4.4 c-2.1-2.9-3.2-6.5-3.2-10.7c0-1.2,0.2-3.2,0.6-6l25.9-150.8L7.5,200c-5-5.4-7.5-10.3-7.5-14.5c0-7.4,5.6-12.1,16.9-13.9l151.4-22 l67.9-137.2C240,4.1,244.9,0,250.9,0c6,0,11,4.1,14.8,12.4l67.9,137.2l151.4,22C496.2,173.4,501.8,178,501.8,185.5z"
            fill="currentColor"
            stroke="currentColor" />
        </svg>
        <span
          className="sr-only">
          1
        </span>
      </label>
    </div>
    <div
      className="starsGroup">
      <input
        className="hiddenInput"
        id="star3"
        name={undefined}
        onChange={[Function]}
        type="radio"
        value={3} />
      <label
        htmlFor="star3">
        <svg
          className="star ratingStar"
          preserveAspectRatio="none"
          stroke="currentColor"
          viewBox="-20 -20 541.8 518.6"
          width="100%"
          x="0"
          xmlSpace="preserve"
          xmlns="http://www.w3.org/2000/svg"
          xmlnsXlink="http://www.w3.org/1999/xlink"
          y="0">
          <path
            className="path fill"
            d="M501.8,185.5c0,4.4-2.6,9.3-7.8,14.5L384.5,306.7l25.9,150.8c0.2,1.4,0.3,3.4,0.3,6c0,4.2-1.1,7.8-3.2,10.7 c-2.1,2.9-5.2,4.4-9.2,4.4c-3.8,0-7.8-1.2-12.1-3.6l-135.4-71.2L115.5,475c-4.4,2.4-8.4,3.6-12.1,3.6c-4.2,0-7.4-1.5-9.5-4.4 c-2.1-2.9-3.2-6.5-3.2-10.7c0-1.2,0.2-3.2,0.6-6l25.9-150.8L7.5,200c-5-5.4-7.5-10.3-7.5-14.5c0-7.4,5.6-12.1,16.9-13.9l151.4-22 l67.9-137.2C240,4.1,244.9,0,250.9,0c6,0,11,4.1,14.8,12.4l67.9,137.2l151.4,22C496.2,173.4,501.8,178,501.8,185.5z"
            fill="currentColor"
            stroke="currentColor" />
        </svg>
        <span
          className="sr-only">
          2
        </span>
      </label>
    </div>
    <div
      className="starsGroup">
      <input
        className="hiddenInput"
        id="star4"
        name={undefined}
        onChange={[Function]}
        type="radio"
        value={4} />
      <label
        htmlFor="star4">
        <svg
          className="star ratingStar"
          preserveAspectRatio="none"
          stroke="currentColor"
          viewBox="-20 -20 541.8 518.6"
          width="100%"
          x="0"
          xmlSpace="preserve"
          xmlns="http://www.w3.org/2000/svg"
          xmlnsXlink="http://www.w3.org/1999/xlink"
          y="0">
          <path
            className="path false"
            d="M501.8,185.5c0,4.4-2.6,9.3-7.8,14.5L384.5,306.7l25.9,150.8c0.2,1.4,0.3,3.4,0.3,6c0,4.2-1.1,7.8-3.2,10.7 c-2.1,2.9-5.2,4.4-9.2,4.4c-3.8,0-7.8-1.2-12.1-3.6l-135.4-71.2L115.5,475c-4.4,2.4-8.4,3.6-12.1,3.6c-4.2,0-7.4-1.5-9.5-4.4 c-2.1-2.9-3.2-6.5-3.2-10.7c0-1.2,0.2-3.2,0.6-6l25.9-150.8L7.5,200c-5-5.4-7.5-10.3-7.5-14.5c0-7.4,5.6-12.1,16.9-13.9l151.4-22 l67.9-137.2C240,4.1,244.9,0,250.9,0c6,0,11,4.1,14.8,12.4l67.9,137.2l151.4,22C496.2,173.4,501.8,178,501.8,185.5z"
            fill="transparent"
            stroke="currentColor" />
        </svg>
        <span
          className="sr-only">
          3
        </span>
      </label>
    </div>
    <div
      className="starsGroup">
      <input
        className="hiddenInput"
        id="star5"
        name={undefined}
        onChange={[Function]}
        type="radio"
        value={5} />
      <label
        htmlFor="star5">
        <svg
          className="star ratingStar"
          preserveAspectRatio="none"
          stroke="currentColor"
          viewBox="-20 -20 541.8 518.6"
          width="100%"
          x="0"
          xmlSpace="preserve"
          xmlns="http://www.w3.org/2000/svg"
          xmlnsXlink="http://www.w3.org/1999/xlink"
          y="0">
          <path
            className="path false"
            d="M501.8,185.5c0,4.4-2.6,9.3-7.8,14.5L384.5,306.7l25.9,150.8c0.2,1.4,0.3,3.4,0.3,6c0,4.2-1.1,7.8-3.2,10.7 c-2.1,2.9-5.2,4.4-9.2,4.4c-3.8,0-7.8-1.2-12.1-3.6l-135.4-71.2L115.5,475c-4.4,2.4-8.4,3.6-12.1,3.6c-4.2,0-7.4-1.5-9.5-4.4 c-2.1-2.9-3.2-6.5-3.2-10.7c0-1.2,0.2-3.2,0.6-6l25.9-150.8L7.5,200c-5-5.4-7.5-10.3-7.5-14.5c0-7.4,5.6-12.1,16.9-13.9l151.4-22 l67.9-137.2C240,4.1,244.9,0,250.9,0c6,0,11,4.1,14.8,12.4l67.9,137.2l151.4,22C496.2,173.4,501.8,178,501.8,185.5z"
            fill="transparent"
            stroke="currentColor" />
        </svg>
        <span
          className="sr-only">
          4
        </span>
      </label>
    </div>
  </div>
</div>
`;

exports[`test Renders static Stars without crashing 1`] = `
<div
  className="starsContainer staticStars">
  <div
    className="starsRow">
    <div
      className={false} />
    <div
      className="starsGroup">
      <label
        htmlFor={false}>
        <svg
          className="star false"
          preserveAspectRatio="none"
          stroke="currentColor"
          viewBox="-20 -20 541.8 518.6"
          width="100%"
          x="0"
          xmlSpace="preserve"
          xmlns="http://www.w3.org/2000/svg"
          xmlnsXlink="http://www.w3.org/1999/xlink"
          y="0">
          <defs>
            <linearGradient
              id="half">
              <stop
                offset="0%"
                stopColor="currentColor" />
              <stop
                offset="50%"
                stopColor="currentColor" />
              <stop
                offset="50%"
                stopColor="white" />
              <stop
                offset="100%"
                stopColor="white" />
            </linearGradient>
          </defs>
          <path
            className="path fill"
            d="M501.8,185.5c0,4.4-2.6,9.3-7.8,14.5L384.5,306.7l25.9,150.8c0.2,1.4,0.3,3.4,0.3,6c0,4.2-1.1,7.8-3.2,10.7 c-2.1,2.9-5.2,4.4-9.2,4.4c-3.8,0-7.8-1.2-12.1-3.6l-135.4-71.2L115.5,475c-4.4,2.4-8.4,3.6-12.1,3.6c-4.2,0-7.4-1.5-9.5-4.4 c-2.1-2.9-3.2-6.5-3.2-10.7c0-1.2,0.2-3.2,0.6-6l25.9-150.8L7.5,200c-5-5.4-7.5-10.3-7.5-14.5c0-7.4,5.6-12.1,16.9-13.9l151.4-22 l67.9-137.2C240,4.1,244.9,0,250.9,0c6,0,11,4.1,14.8,12.4l67.9,137.2l151.4,22C496.2,173.4,501.8,178,501.8,185.5z"
            fill="currentColor"
            stroke="currentColor" />
        </svg>
        <span
          className="sr-only">
          0
        </span>
      </label>
    </div>
    <div
      className="starsGroup">
      <label
        htmlFor={false}>
        <svg
          className="star false"
          preserveAspectRatio="none"
          stroke="currentColor"
          viewBox="-20 -20 541.8 518.6"
          width="100%"
          x="0"
          xmlSpace="preserve"
          xmlns="http://www.w3.org/2000/svg"
          xmlnsXlink="http://www.w3.org/1999/xlink"
          y="0">
          <defs>
            <linearGradient
              id="half">
              <stop
                offset="0%"
                stopColor="currentColor" />
              <stop
                offset="50%"
                stopColor="currentColor" />
              <stop
                offset="50%"
                stopColor="white" />
              <stop
                offset="100%"
                stopColor="white" />
            </linearGradient>
          </defs>
          <path
            className="path fill"
            d="M501.8,185.5c0,4.4-2.6,9.3-7.8,14.5L384.5,306.7l25.9,150.8c0.2,1.4,0.3,3.4,0.3,6c0,4.2-1.1,7.8-3.2,10.7 c-2.1,2.9-5.2,4.4-9.2,4.4c-3.8,0-7.8-1.2-12.1-3.6l-135.4-71.2L115.5,475c-4.4,2.4-8.4,3.6-12.1,3.6c-4.2,0-7.4-1.5-9.5-4.4 c-2.1-2.9-3.2-6.5-3.2-10.7c0-1.2,0.2-3.2,0.6-6l25.9-150.8L7.5,200c-5-5.4-7.5-10.3-7.5-14.5c0-7.4,5.6-12.1,16.9-13.9l151.4-22 l67.9-137.2C240,4.1,244.9,0,250.9,0c6,0,11,4.1,14.8,12.4l67.9,137.2l151.4,22C496.2,173.4,501.8,178,501.8,185.5z"
            fill="currentColor"
            stroke="currentColor" />
        </svg>
        <span
          className="sr-only">
          1
        </span>
      </label>
    </div>
    <div
      className="starsGroup">
      <label
        htmlFor={false}>
        <svg
          className="star false"
          preserveAspectRatio="none"
          stroke="currentColor"
          viewBox="-20 -20 541.8 518.6"
          width="100%"
          x="0"
          xmlSpace="preserve"
          xmlns="http://www.w3.org/2000/svg"
          xmlnsXlink="http://www.w3.org/1999/xlink"
          y="0">
          <defs>
            <linearGradient
              id="half">
              <stop
                offset="0%"
                stopColor="currentColor" />
              <stop
                offset="50%"
                stopColor="currentColor" />
              <stop
                offset="50%"
                stopColor="white" />
              <stop
                offset="100%"
                stopColor="white" />
            </linearGradient>
          </defs>
          <path
            className="path false"
            d="M501.8,185.5c0,4.4-2.6,9.3-7.8,14.5L384.5,306.7l25.9,150.8c0.2,1.4,0.3,3.4,0.3,6c0,4.2-1.1,7.8-3.2,10.7 c-2.1,2.9-5.2,4.4-9.2,4.4c-3.8,0-7.8-1.2-12.1-3.6l-135.4-71.2L115.5,475c-4.4,2.4-8.4,3.6-12.1,3.6c-4.2,0-7.4-1.5-9.5-4.4 c-2.1-2.9-3.2-6.5-3.2-10.7c0-1.2,0.2-3.2,0.6-6l25.9-150.8L7.5,200c-5-5.4-7.5-10.3-7.5-14.5c0-7.4,5.6-12.1,16.9-13.9l151.4-22 l67.9-137.2C240,4.1,244.9,0,250.9,0c6,0,11,4.1,14.8,12.4l67.9,137.2l151.4,22C496.2,173.4,501.8,178,501.8,185.5z"
            fill="url(#half)"
            stroke="currentColor" />
        </svg>
        <span
          className="sr-only">
          2
        </span>
      </label>
    </div>
    <div
      className="starsGroup">
      <label
        htmlFor={false}>
        <svg
          className="star false"
          preserveAspectRatio="none"
          stroke="currentColor"
          viewBox="-20 -20 541.8 518.6"
          width="100%"
          x="0"
          xmlSpace="preserve"
          xmlns="http://www.w3.org/2000/svg"
          xmlnsXlink="http://www.w3.org/1999/xlink"
          y="0">
          <defs>
            <linearGradient
              id="half">
              <stop
                offset="0%"
                stopColor="currentColor" />
              <stop
                offset="50%"
                stopColor="currentColor" />
              <stop
                offset="50%"
                stopColor="white" />
              <stop
                offset="100%"
                stopColor="white" />
            </linearGradient>
          </defs>
          <path
            className="path false"
            d="M501.8,185.5c0,4.4-2.6,9.3-7.8,14.5L384.5,306.7l25.9,150.8c0.2,1.4,0.3,3.4,0.3,6c0,4.2-1.1,7.8-3.2,10.7 c-2.1,2.9-5.2,4.4-9.2,4.4c-3.8,0-7.8-1.2-12.1-3.6l-135.4-71.2L115.5,475c-4.4,2.4-8.4,3.6-12.1,3.6c-4.2,0-7.4-1.5-9.5-4.4 c-2.1-2.9-3.2-6.5-3.2-10.7c0-1.2,0.2-3.2,0.6-6l25.9-150.8L7.5,200c-5-5.4-7.5-10.3-7.5-14.5c0-7.4,5.6-12.1,16.9-13.9l151.4-22 l67.9-137.2C240,4.1,244.9,0,250.9,0c6,0,11,4.1,14.8,12.4l67.9,137.2l151.4,22C496.2,173.4,501.8,178,501.8,185.5z"
            fill="transparent"
            stroke="currentColor" />
        </svg>
        <span
          className="sr-only">
          3
        </span>
      </label>
    </div>
    <div
      className="starsGroup">
      <label
        htmlFor={false}>
        <svg
          className="star false"
          preserveAspectRatio="none"
          stroke="currentColor"
          viewBox="-20 -20 541.8 518.6"
          width="100%"
          x="0"
          xmlSpace="preserve"
          xmlns="http://www.w3.org/2000/svg"
          xmlnsXlink="http://www.w3.org/1999/xlink"
          y="0">
          <defs>
            <linearGradient
              id="half">
              <stop
                offset="0%"
                stopColor="currentColor" />
              <stop
                offset="50%"
                stopColor="currentColor" />
              <stop
                offset="50%"
                stopColor="white" />
              <stop
                offset="100%"
                stopColor="white" />
            </linearGradient>
          </defs>
          <path
            className="path false"
            d="M501.8,185.5c0,4.4-2.6,9.3-7.8,14.5L384.5,306.7l25.9,150.8c0.2,1.4,0.3,3.4,0.3,6c0,4.2-1.1,7.8-3.2,10.7 c-2.1,2.9-5.2,4.4-9.2,4.4c-3.8,0-7.8-1.2-12.1-3.6l-135.4-71.2L115.5,475c-4.4,2.4-8.4,3.6-12.1,3.6c-4.2,0-7.4-1.5-9.5-4.4 c-2.1-2.9-3.2-6.5-3.2-10.7c0-1.2,0.2-3.2,0.6-6l25.9-150.8L7.5,200c-5-5.4-7.5-10.3-7.5-14.5c0-7.4,5.6-12.1,16.9-13.9l151.4-22 l67.9-137.2C240,4.1,244.9,0,250.9,0c6,0,11,4.1,14.8,12.4l67.9,137.2l151.4,22C496.2,173.4,501.8,178,501.8,185.5z"
            fill="transparent"
            stroke="currentColor" />
        </svg>
        <span
          className="sr-only">
          4
        </span>
      </label>
    </div>
  </div>
</div>
`;
